MPLINK 5.09, LINKER
Linker Map File - Created Wed Jan 30 22:31:15 2019

                                 Section Info
                  Section       Type    Address   Location Size(Bytes)
                ---------  ---------  ---------  ---------  ---------
                 RES_VECT       code   0x000000    program   0x000004
                   .cinit    romdata   0x000002    program   0x000004
              Int_Handler       code   0x000004    program   0x0003d0
                MAIN_PROG       code   0x0001ec    program   0x0000ee
.config_2007_BUILD/DEFAULT/DEBUG/MAIN.O       code   0x002007    program   0x000002



                              Program Memory Usage 
                               Start         End      
                           ---------   ---------      
                            0x000000    0x000262      
                            0x002007    0x002007      
            612 out of 4359 program addresses used, program memory utilization is 14%



                              Symbols - Sorted by Name
                     Name    Address   Location    Storage File                     
                ---------  ---------  ---------  --------- ---------                
                     BEND   0x000252    program     static /home/gugo/MPLABXProjects/pic-led-controller.X/main.asm
          BLOCK_ROTATIONS   0x000035    program     static /home/gugo/MPLABXProjects/pic-led-controller.X/main.asm
              BLOCK_SIZES   0x000079    program     static /home/gugo/MPLABXProjects/pic-led-controller.X/main.asm
             BLOCK_STARTS   0x000095    program     static /home/gugo/MPLABXProjects/pic-led-controller.X/main.asm
                BLUE_LOOP   0x0001d9    program     static /home/gugo/MPLABXProjects/pic-led-controller.X/main.asm
                     BRC4   0x000248    program     static /home/gugo/MPLABXProjects/pic-led-controller.X/main.asm
                     BRC5   0x00023e    program     static /home/gugo/MPLABXProjects/pic-led-controller.X/main.asm
                     BRC6   0x000234    program     static /home/gugo/MPLABXProjects/pic-led-controller.X/main.asm
              COLORS_BLUE   0x000025    program     static /home/gugo/MPLABXProjects/pic-led-controller.X/main.asm
             COLORS_GREEN   0x000015    program     static /home/gugo/MPLABXProjects/pic-led-controller.X/main.asm
               COLORS_RED   0x000005    program     static /home/gugo/MPLABXProjects/pic-led-controller.X/main.asm
               COLUMN_BIT   0x000155    program     static /home/gugo/MPLABXProjects/pic-led-controller.X/main.asm
              COLUMN_LOOP   0x00014d    program     static /home/gugo/MPLABXProjects/pic-led-controller.X/main.asm
                     DOWN   0x000103    program     static /home/gugo/MPLABXProjects/pic-led-controller.X/main.asm
                END_LOGIC   0x000260    program     static /home/gugo/MPLABXProjects/pic-led-controller.X/main.asm
                 GET_BLUE   0x000134    program     static /home/gugo/MPLABXProjects/pic-led-controller.X/main.asm
                GET_GREEN   0x000122    program     static /home/gugo/MPLABXProjects/pic-led-controller.X/main.asm
                GET_PIECE   0x0000c8    program     static /home/gugo/MPLABXProjects/pic-led-controller.X/main.asm
           GET_PIECE_LOOP   0x0000d7    program     static /home/gugo/MPLABXProjects/pic-led-controller.X/main.asm
       GET_PIECE_ROTATION   0x0000c1    program     static /home/gugo/MPLABXProjects/pic-led-controller.X/main.asm
          GET_PIECE_START   0x0000b9    program     static /home/gugo/MPLABXProjects/pic-led-controller.X/main.asm
                  GET_RED   0x00012b    program     static /home/gugo/MPLABXProjects/pic-led-controller.X/main.asm
                 GET_SIZE   0x0000b1    program     static /home/gugo/MPLABXProjects/pic-led-controller.X/main.asm
               GREEN_LOOP   0x00017b    program     static /home/gugo/MPLABXProjects/pic-led-controller.X/main.asm
               INITIALIZE   0x00020b    program     static /home/gugo/MPLABXProjects/pic-led-controller.X/main.asm
                     LEFT   0x0000ff    program     static /home/gugo/MPLABXProjects/pic-led-controller.X/main.asm
               LOGIC_LOOP   0x00021b    program     static /home/gugo/MPLABXProjects/pic-led-controller.X/main.asm
            LOOP_BLUE_END   0x0001e2    program     static /home/gugo/MPLABXProjects/pic-led-controller.X/main.asm
          LOOP_BLUE_SHORT   0x0001e0    program     static /home/gugo/MPLABXProjects/pic-led-controller.X/main.asm
           LOOP_GREEN_END   0x000184    program     static /home/gugo/MPLABXProjects/pic-led-controller.X/main.asm
         LOOP_GREEN_SHORT   0x000182    program     static /home/gugo/MPLABXProjects/pic-led-controller.X/main.asm
             LOOP_RED_END   0x0001b3    program     static /home/gugo/MPLABXProjects/pic-led-controller.X/main.asm
           LOOP_RED_SHORT   0x0001b1    program     static /home/gugo/MPLABXProjects/pic-led-controller.X/main.asm
              PRINT_PIECE   0x0000de    program     static /home/gugo/MPLABXProjects/pic-led-controller.X/main.asm
         PRINT_PIECE_LOOP   0x0000e0    program     static /home/gugo/MPLABXProjects/pic-led-controller.X/main.asm
             PRINT_SCREEN   0x00013d    program     static /home/gugo/MPLABXProjects/pic-led-controller.X/main.asm
                   RANDOM   0x000109    program     static /home/gugo/MPLABXProjects/pic-led-controller.X/main.asm
                 RED_LOOP   0x0001aa    program     static /home/gugo/MPLABXProjects/pic-led-controller.X/main.asm
             REVERSE_BYTE   0x000119    program     static /home/gugo/MPLABXProjects/pic-led-controller.X/main.asm
             REVERSE_LOOP   0x00011c    program     static /home/gugo/MPLABXProjects/pic-led-controller.X/main.asm
                    RIGHT   0x000104    program     static /home/gugo/MPLABXProjects/pic-led-controller.X/main.asm
                   ROTATE   0x0000f2    program     static /home/gugo/MPLABXProjects/pic-led-controller.X/main.asm
           ROTATION_RESET   0x0000fa    program     static /home/gugo/MPLABXProjects/pic-led-controller.X/main.asm
               SEND_RESET   0x000147    program     static /home/gugo/MPLABXProjects/pic-led-controller.X/main.asm
          SEND_RESET_HIGH   0x000142    program     static /home/gugo/MPLABXProjects/pic-led-controller.X/main.asm
                    START   0x0001ec    program     static /home/gugo/MPLABXProjects/pic-led-controller.X/main.asm
            WAIT_START_UP   0x000201    program     static /home/gugo/MPLABXProjects/pic-led-controller.X/main.asm



                              Symbols - Sorted by Address
                     Name    Address   Location    Storage File                     
                ---------  ---------  ---------  --------- ---------                
               COLORS_RED   0x000005    program     static /home/gugo/MPLABXProjects/pic-led-controller.X/main.asm
             COLORS_GREEN   0x000015    program     static /home/gugo/MPLABXProjects/pic-led-controller.X/main.asm
              COLORS_BLUE   0x000025    program     static /home/gugo/MPLABXProjects/pic-led-controller.X/main.asm
          BLOCK_ROTATIONS   0x000035    program     static /home/gugo/MPLABXProjects/pic-led-controller.X/main.asm
              BLOCK_SIZES   0x000079    program     static /home/gugo/MPLABXProjects/pic-led-controller.X/main.asm
             BLOCK_STARTS   0x000095    program     static /home/gugo/MPLABXProjects/pic-led-controller.X/main.asm
                 GET_SIZE   0x0000b1    program     static /home/gugo/MPLABXProjects/pic-led-controller.X/main.asm
          GET_PIECE_START   0x0000b9    program     static /home/gugo/MPLABXProjects/pic-led-controller.X/main.asm
       GET_PIECE_ROTATION   0x0000c1    program     static /home/gugo/MPLABXProjects/pic-led-controller.X/main.asm
                GET_PIECE   0x0000c8    program     static /home/gugo/MPLABXProjects/pic-led-controller.X/main.asm
           GET_PIECE_LOOP   0x0000d7    program     static /home/gugo/MPLABXProjects/pic-led-controller.X/main.asm
              PRINT_PIECE   0x0000de    program     static /home/gugo/MPLABXProjects/pic-led-controller.X/main.asm
         PRINT_PIECE_LOOP   0x0000e0    program     static /home/gugo/MPLABXProjects/pic-led-controller.X/main.asm
                   ROTATE   0x0000f2    program     static /home/gugo/MPLABXProjects/pic-led-controller.X/main.asm
           ROTATION_RESET   0x0000fa    program     static /home/gugo/MPLABXProjects/pic-led-controller.X/main.asm
                     LEFT   0x0000ff    program     static /home/gugo/MPLABXProjects/pic-led-controller.X/main.asm
                     DOWN   0x000103    program     static /home/gugo/MPLABXProjects/pic-led-controller.X/main.asm
                    RIGHT   0x000104    program     static /home/gugo/MPLABXProjects/pic-led-controller.X/main.asm
                   RANDOM   0x000109    program     static /home/gugo/MPLABXProjects/pic-led-controller.X/main.asm
             REVERSE_BYTE   0x000119    program     static /home/gugo/MPLABXProjects/pic-led-controller.X/main.asm
             REVERSE_LOOP   0x00011c    program     static /home/gugo/MPLABXProjects/pic-led-controller.X/main.asm
                GET_GREEN   0x000122    program     static /home/gugo/MPLABXProjects/pic-led-controller.X/main.asm
                  GET_RED   0x00012b    program     static /home/gugo/MPLABXProjects/pic-led-controller.X/main.asm
                 GET_BLUE   0x000134    program     static /home/gugo/MPLABXProjects/pic-led-controller.X/main.asm
             PRINT_SCREEN   0x00013d    program     static /home/gugo/MPLABXProjects/pic-led-controller.X/main.asm
          SEND_RESET_HIGH   0x000142    program     static /home/gugo/MPLABXProjects/pic-led-controller.X/main.asm
               SEND_RESET   0x000147    program     static /home/gugo/MPLABXProjects/pic-led-controller.X/main.asm
              COLUMN_LOOP   0x00014d    program     static /home/gugo/MPLABXProjects/pic-led-controller.X/main.asm
               COLUMN_BIT   0x000155    program     static /home/gugo/MPLABXProjects/pic-led-controller.X/main.asm
               GREEN_LOOP   0x00017b    program     static /home/gugo/MPLABXProjects/pic-led-controller.X/main.asm
         LOOP_GREEN_SHORT   0x000182    program     static /home/gugo/MPLABXProjects/pic-led-controller.X/main.asm
           LOOP_GREEN_END   0x000184    program     static /home/gugo/MPLABXProjects/pic-led-controller.X/main.asm
                 RED_LOOP   0x0001aa    program     static /home/gugo/MPLABXProjects/pic-led-controller.X/main.asm
           LOOP_RED_SHORT   0x0001b1    program     static /home/gugo/MPLABXProjects/pic-led-controller.X/main.asm
             LOOP_RED_END   0x0001b3    program     static /home/gugo/MPLABXProjects/pic-led-controller.X/main.asm
                BLUE_LOOP   0x0001d9    program     static /home/gugo/MPLABXProjects/pic-led-controller.X/main.asm
          LOOP_BLUE_SHORT   0x0001e0    program     static /home/gugo/MPLABXProjects/pic-led-controller.X/main.asm
            LOOP_BLUE_END   0x0001e2    program     static /home/gugo/MPLABXProjects/pic-led-controller.X/main.asm
                    START   0x0001ec    program     static /home/gugo/MPLABXProjects/pic-led-controller.X/main.asm
            WAIT_START_UP   0x000201    program     static /home/gugo/MPLABXProjects/pic-led-controller.X/main.asm
               INITIALIZE   0x00020b    program     static /home/gugo/MPLABXProjects/pic-led-controller.X/main.asm
               LOGIC_LOOP   0x00021b    program     static /home/gugo/MPLABXProjects/pic-led-controller.X/main.asm
                     BRC6   0x000234    program     static /home/gugo/MPLABXProjects/pic-led-controller.X/main.asm
                     BRC5   0x00023e    program     static /home/gugo/MPLABXProjects/pic-led-controller.X/main.asm
                     BRC4   0x000248    program     static /home/gugo/MPLABXProjects/pic-led-controller.X/main.asm
                     BEND   0x000252    program     static /home/gugo/MPLABXProjects/pic-led-controller.X/main.asm
                END_LOGIC   0x000260    program     static /home/gugo/MPLABXProjects/pic-led-controller.X/main.asm


