MPLINK 5.09, LINKER
Linker Map File - Created Sat Feb  2 16:15:19 2019

                                 Section Info
                  Section       Type    Address   Location Size(Bytes)
                ---------  ---------  ---------  ---------  ---------
                 RES_VECT       code   0x000000    program   0x000004
                   .cinit    romdata   0x000002    program   0x000004
              Int_Handler       code   0x000004    program   0x00050a
                MAIN_PROG       code   0x000289    program   0x000120
.config_2007_BUILD/DEFAULT/PRODUCTION/MAIN.O       code   0x002007    program   0x000002



                              Program Memory Usage 
                               Start         End      
                           ---------   ---------      
                            0x000000    0x000318      
                            0x002007    0x002007      
            794 out of 4359 program addresses used, program memory utilization is 18%



                              Symbols - Sorted by Name
                     Name    Address   Location    Storage File                     
                ---------  ---------  ---------  --------- ---------                
                     BEND   0x00030c    program     static /home/gugo/MPLABXProjects/pic-led-controller.X/main.asm
          BLOCK_ROTATIONS   0x000103    program     static /home/gugo/MPLABXProjects/pic-led-controller.X/main.asm
              BLOCK_SIZES   0x000147    program     static /home/gugo/MPLABXProjects/pic-led-controller.X/main.asm
             BLOCK_STARTS   0x00017f    program     static /home/gugo/MPLABXProjects/pic-led-controller.X/main.asm
              BLOCK_WIDTH   0x000163    program     static /home/gugo/MPLABXProjects/pic-led-controller.X/main.asm
                BLUE_LOOP   0x0000c0    program     static /home/gugo/MPLABXProjects/pic-led-controller.X/main.asm
                     BRC4   0x000308    program     static /home/gugo/MPLABXProjects/pic-led-controller.X/main.asm
                     BRC5   0x000304    program     static /home/gugo/MPLABXProjects/pic-led-controller.X/main.asm
                     BRC6   0x000300    program     static /home/gugo/MPLABXProjects/pic-led-controller.X/main.asm
             CHECK_BUTTON   0x000264    program     static /home/gugo/MPLABXProjects/pic-led-controller.X/main.asm
             CLEAR_SCREEN   0x0002e6    program     static /home/gugo/MPLABXProjects/pic-led-controller.X/main.asm
          COLLISION_PIECE   0x000210    program     static /home/gugo/MPLABXProjects/pic-led-controller.X/main.asm
     COLLISION_PIECE_LOOP   0x000212    program     static /home/gugo/MPLABXProjects/pic-led-controller.X/main.asm
              COLORS_BLUE   0x0000f3    program     static /home/gugo/MPLABXProjects/pic-led-controller.X/main.asm
             COLORS_GREEN   0x0000e3    program     static /home/gugo/MPLABXProjects/pic-led-controller.X/main.asm
               COLORS_RED   0x0000d3    program     static /home/gugo/MPLABXProjects/pic-led-controller.X/main.asm
               COLUMN_BIT   0x00003c    program     static /home/gugo/MPLABXProjects/pic-led-controller.X/main.asm
              COLUMN_LOOP   0x000034    program     static /home/gugo/MPLABXProjects/pic-led-controller.X/main.asm
                     DOWN   0x00024c    program     static /home/gugo/MPLABXProjects/pic-led-controller.X/main.asm
                END_LOGIC   0x000315    program     static /home/gugo/MPLABXProjects/pic-led-controller.X/main.asm
               GAME_TITLE   0x00019b    program     static /home/gugo/MPLABXProjects/pic-led-controller.X/main.asm
                 GET_BLUE   0x000017    program     static /home/gugo/MPLABXProjects/pic-led-controller.X/main.asm
                GET_GREEN   0x000005    program     static /home/gugo/MPLABXProjects/pic-led-controller.X/main.asm
                GET_PIECE   0x0001e0    program     static /home/gugo/MPLABXProjects/pic-led-controller.X/main.asm
           GET_PIECE_LOOP   0x0001f2    program     static /home/gugo/MPLABXProjects/pic-led-controller.X/main.asm
       GET_PIECE_ROTATION   0x0001d9    program     static /home/gugo/MPLABXProjects/pic-led-controller.X/main.asm
          GET_PIECE_START   0x0001d1    program     static /home/gugo/MPLABXProjects/pic-led-controller.X/main.asm
                  GET_RED   0x00000e    program     static /home/gugo/MPLABXProjects/pic-led-controller.X/main.asm
                 GET_SIZE   0x0001c1    program     static /home/gugo/MPLABXProjects/pic-led-controller.X/main.asm
                GET_TITLE   0x0001b9    program     static /home/gugo/MPLABXProjects/pic-led-controller.X/main.asm
                GET_WIDTH   0x0001c9    program     static /home/gugo/MPLABXProjects/pic-led-controller.X/main.asm
               GREEN_LOOP   0x000062    program     static /home/gugo/MPLABXProjects/pic-led-controller.X/main.asm
               INITIALIZE   0x0002ac    program     static /home/gugo/MPLABXProjects/pic-led-controller.X/main.asm
        INITIALIZE_SECOND   0x0002ba    program     static /home/gugo/MPLABXProjects/pic-led-controller.X/main.asm
                     LEFT   0x000253    program     static /home/gugo/MPLABXProjects/pic-led-controller.X/main.asm
                LEFT_LOOP   0x00025d    program     static /home/gugo/MPLABXProjects/pic-led-controller.X/main.asm
               LOGIC_LOOP   0x0002f0    program     static /home/gugo/MPLABXProjects/pic-led-controller.X/main.asm
            LOOP_BLUE_END   0x0000c9    program     static /home/gugo/MPLABXProjects/pic-led-controller.X/main.asm
          LOOP_BLUE_SHORT   0x0000c7    program     static /home/gugo/MPLABXProjects/pic-led-controller.X/main.asm
           LOOP_GREEN_END   0x00006b    program     static /home/gugo/MPLABXProjects/pic-led-controller.X/main.asm
         LOOP_GREEN_SHORT   0x000069    program     static /home/gugo/MPLABXProjects/pic-led-controller.X/main.asm
             LOOP_RED_END   0x00009a    program     static /home/gugo/MPLABXProjects/pic-led-controller.X/main.asm
           LOOP_RED_SHORT   0x000098    program     static /home/gugo/MPLABXProjects/pic-led-controller.X/main.asm
                LOST_GAME   0x000318    program     static /home/gugo/MPLABXProjects/pic-led-controller.X/main.asm
              PRINT_PIECE   0x0001f9    program     static /home/gugo/MPLABXProjects/pic-led-controller.X/main.asm
         PRINT_PIECE_LOOP   0x0001fb    program     static /home/gugo/MPLABXProjects/pic-led-controller.X/main.asm
             PRINT_SCREEN   0x000020    program     static /home/gugo/MPLABXProjects/pic-led-controller.X/main.asm
                   RANDOM   0x000270    program     static /home/gugo/MPLABXProjects/pic-led-controller.X/main.asm
                 RED_LOOP   0x000091    program     static /home/gugo/MPLABXProjects/pic-led-controller.X/main.asm
             REVERSE_BYTE   0x000280    program     static /home/gugo/MPLABXProjects/pic-led-controller.X/main.asm
             REVERSE_LOOP   0x000283    program     static /home/gugo/MPLABXProjects/pic-led-controller.X/main.asm
                    RIGHT   0x00023f    program     static /home/gugo/MPLABXProjects/pic-led-controller.X/main.asm
               RIGHT_LOOP   0x000245    program     static /home/gugo/MPLABXProjects/pic-led-controller.X/main.asm
                   ROTATE   0x000228    program     static /home/gugo/MPLABXProjects/pic-led-controller.X/main.asm
               ROTATE_GET   0x000232    program     static /home/gugo/MPLABXProjects/pic-led-controller.X/main.asm
       ROTATION_POS_RESET   0x000238    program     static /home/gugo/MPLABXProjects/pic-led-controller.X/main.asm
           ROTATION_RESET   0x00022f    program     static /home/gugo/MPLABXProjects/pic-led-controller.X/main.asm
               SEND_RESET   0x00002e    program     static /home/gugo/MPLABXProjects/pic-led-controller.X/main.asm
          SEND_RESET_HIGH   0x000029    program     static /home/gugo/MPLABXProjects/pic-led-controller.X/main.asm
              SPAWN_PIECE   0x000227    program     static /home/gugo/MPLABXProjects/pic-led-controller.X/main.asm
                    START   0x000289    program     static /home/gugo/MPLABXProjects/pic-led-controller.X/main.asm
               START_GAME   0x0002c9    program     static /home/gugo/MPLABXProjects/pic-led-controller.X/main.asm
         TITLE_PRINT_LOOP   0x0002cd    program     static /home/gugo/MPLABXProjects/pic-led-controller.X/main.asm
                       UP   0x000251    program     static /home/gugo/MPLABXProjects/pic-led-controller.X/main.asm
            WAIT_START_UP   0x0002a2    program     static /home/gugo/MPLABXProjects/pic-led-controller.X/main.asm



                              Symbols - Sorted by Address
                     Name    Address   Location    Storage File                     
                ---------  ---------  ---------  --------- ---------                
                GET_GREEN   0x000005    program     static /home/gugo/MPLABXProjects/pic-led-controller.X/main.asm
                  GET_RED   0x00000e    program     static /home/gugo/MPLABXProjects/pic-led-controller.X/main.asm
                 GET_BLUE   0x000017    program     static /home/gugo/MPLABXProjects/pic-led-controller.X/main.asm
             PRINT_SCREEN   0x000020    program     static /home/gugo/MPLABXProjects/pic-led-controller.X/main.asm
          SEND_RESET_HIGH   0x000029    program     static /home/gugo/MPLABXProjects/pic-led-controller.X/main.asm
               SEND_RESET   0x00002e    program     static /home/gugo/MPLABXProjects/pic-led-controller.X/main.asm
              COLUMN_LOOP   0x000034    program     static /home/gugo/MPLABXProjects/pic-led-controller.X/main.asm
               COLUMN_BIT   0x00003c    program     static /home/gugo/MPLABXProjects/pic-led-controller.X/main.asm
               GREEN_LOOP   0x000062    program     static /home/gugo/MPLABXProjects/pic-led-controller.X/main.asm
         LOOP_GREEN_SHORT   0x000069    program     static /home/gugo/MPLABXProjects/pic-led-controller.X/main.asm
           LOOP_GREEN_END   0x00006b    program     static /home/gugo/MPLABXProjects/pic-led-controller.X/main.asm
                 RED_LOOP   0x000091    program     static /home/gugo/MPLABXProjects/pic-led-controller.X/main.asm
           LOOP_RED_SHORT   0x000098    program     static /home/gugo/MPLABXProjects/pic-led-controller.X/main.asm
             LOOP_RED_END   0x00009a    program     static /home/gugo/MPLABXProjects/pic-led-controller.X/main.asm
                BLUE_LOOP   0x0000c0    program     static /home/gugo/MPLABXProjects/pic-led-controller.X/main.asm
          LOOP_BLUE_SHORT   0x0000c7    program     static /home/gugo/MPLABXProjects/pic-led-controller.X/main.asm
            LOOP_BLUE_END   0x0000c9    program     static /home/gugo/MPLABXProjects/pic-led-controller.X/main.asm
               COLORS_RED   0x0000d3    program     static /home/gugo/MPLABXProjects/pic-led-controller.X/main.asm
             COLORS_GREEN   0x0000e3    program     static /home/gugo/MPLABXProjects/pic-led-controller.X/main.asm
              COLORS_BLUE   0x0000f3    program     static /home/gugo/MPLABXProjects/pic-led-controller.X/main.asm
          BLOCK_ROTATIONS   0x000103    program     static /home/gugo/MPLABXProjects/pic-led-controller.X/main.asm
              BLOCK_SIZES   0x000147    program     static /home/gugo/MPLABXProjects/pic-led-controller.X/main.asm
              BLOCK_WIDTH   0x000163    program     static /home/gugo/MPLABXProjects/pic-led-controller.X/main.asm
             BLOCK_STARTS   0x00017f    program     static /home/gugo/MPLABXProjects/pic-led-controller.X/main.asm
               GAME_TITLE   0x00019b    program     static /home/gugo/MPLABXProjects/pic-led-controller.X/main.asm
                GET_TITLE   0x0001b9    program     static /home/gugo/MPLABXProjects/pic-led-controller.X/main.asm
                 GET_SIZE   0x0001c1    program     static /home/gugo/MPLABXProjects/pic-led-controller.X/main.asm
                GET_WIDTH   0x0001c9    program     static /home/gugo/MPLABXProjects/pic-led-controller.X/main.asm
          GET_PIECE_START   0x0001d1    program     static /home/gugo/MPLABXProjects/pic-led-controller.X/main.asm
       GET_PIECE_ROTATION   0x0001d9    program     static /home/gugo/MPLABXProjects/pic-led-controller.X/main.asm
                GET_PIECE   0x0001e0    program     static /home/gugo/MPLABXProjects/pic-led-controller.X/main.asm
           GET_PIECE_LOOP   0x0001f2    program     static /home/gugo/MPLABXProjects/pic-led-controller.X/main.asm
              PRINT_PIECE   0x0001f9    program     static /home/gugo/MPLABXProjects/pic-led-controller.X/main.asm
         PRINT_PIECE_LOOP   0x0001fb    program     static /home/gugo/MPLABXProjects/pic-led-controller.X/main.asm
          COLLISION_PIECE   0x000210    program     static /home/gugo/MPLABXProjects/pic-led-controller.X/main.asm
     COLLISION_PIECE_LOOP   0x000212    program     static /home/gugo/MPLABXProjects/pic-led-controller.X/main.asm
              SPAWN_PIECE   0x000227    program     static /home/gugo/MPLABXProjects/pic-led-controller.X/main.asm
                   ROTATE   0x000228    program     static /home/gugo/MPLABXProjects/pic-led-controller.X/main.asm
           ROTATION_RESET   0x00022f    program     static /home/gugo/MPLABXProjects/pic-led-controller.X/main.asm
               ROTATE_GET   0x000232    program     static /home/gugo/MPLABXProjects/pic-led-controller.X/main.asm
       ROTATION_POS_RESET   0x000238    program     static /home/gugo/MPLABXProjects/pic-led-controller.X/main.asm
                    RIGHT   0x00023f    program     static /home/gugo/MPLABXProjects/pic-led-controller.X/main.asm
               RIGHT_LOOP   0x000245    program     static /home/gugo/MPLABXProjects/pic-led-controller.X/main.asm
                     DOWN   0x00024c    program     static /home/gugo/MPLABXProjects/pic-led-controller.X/main.asm
                       UP   0x000251    program     static /home/gugo/MPLABXProjects/pic-led-controller.X/main.asm
                     LEFT   0x000253    program     static /home/gugo/MPLABXProjects/pic-led-controller.X/main.asm
                LEFT_LOOP   0x00025d    program     static /home/gugo/MPLABXProjects/pic-led-controller.X/main.asm
             CHECK_BUTTON   0x000264    program     static /home/gugo/MPLABXProjects/pic-led-controller.X/main.asm
                   RANDOM   0x000270    program     static /home/gugo/MPLABXProjects/pic-led-controller.X/main.asm
             REVERSE_BYTE   0x000280    program     static /home/gugo/MPLABXProjects/pic-led-controller.X/main.asm
             REVERSE_LOOP   0x000283    program     static /home/gugo/MPLABXProjects/pic-led-controller.X/main.asm
                    START   0x000289    program     static /home/gugo/MPLABXProjects/pic-led-controller.X/main.asm
            WAIT_START_UP   0x0002a2    program     static /home/gugo/MPLABXProjects/pic-led-controller.X/main.asm
               INITIALIZE   0x0002ac    program     static /home/gugo/MPLABXProjects/pic-led-controller.X/main.asm
        INITIALIZE_SECOND   0x0002ba    program     static /home/gugo/MPLABXProjects/pic-led-controller.X/main.asm
               START_GAME   0x0002c9    program     static /home/gugo/MPLABXProjects/pic-led-controller.X/main.asm
         TITLE_PRINT_LOOP   0x0002cd    program     static /home/gugo/MPLABXProjects/pic-led-controller.X/main.asm
             CLEAR_SCREEN   0x0002e6    program     static /home/gugo/MPLABXProjects/pic-led-controller.X/main.asm
               LOGIC_LOOP   0x0002f0    program     static /home/gugo/MPLABXProjects/pic-led-controller.X/main.asm
                     BRC6   0x000300    program     static /home/gugo/MPLABXProjects/pic-led-controller.X/main.asm
                     BRC5   0x000304    program     static /home/gugo/MPLABXProjects/pic-led-controller.X/main.asm
                     BRC4   0x000308    program     static /home/gugo/MPLABXProjects/pic-led-controller.X/main.asm
                     BEND   0x00030c    program     static /home/gugo/MPLABXProjects/pic-led-controller.X/main.asm
                END_LOGIC   0x000315    program     static /home/gugo/MPLABXProjects/pic-led-controller.X/main.asm
                LOST_GAME   0x000318    program     static /home/gugo/MPLABXProjects/pic-led-controller.X/main.asm


