MPLINK 5.09, LINKER
Linker Map File - Created Tue Jan 29 22:19:20 2019

                                 Section Info
                  Section       Type    Address   Location Size(Bytes)
                ---------  ---------  ---------  ---------  ---------
                 RES_VECT       code   0x000000    program   0x000004
                   .cinit    romdata   0x000002    program   0x000004
              Int_Handler       code   0x000004    program   0x0003ce
                MAIN_PROG       code   0x0001eb    program   0x000102
.config_2007_BUILD/DEFAULT/PRODUCTION/MAIN.O       code   0x002007    program   0x000002



                              Program Memory Usage 
                               Start         End      
                           ---------   ---------      
                            0x000000    0x00026b      
                            0x002007    0x002007      
            621 out of 4359 program addresses used, program memory utilization is 14%



                              Symbols - Sorted by Name
                     Name    Address   Location    Storage File                     
                ---------  ---------  ---------  --------- ---------                
                     BEND   0x00024c    program     static /home/gugo/MPLABXProjects/pic-led-controller.X/main.asm
          BLOCK_ROTATIONS   0x000035    program     static /home/gugo/MPLABXProjects/pic-led-controller.X/main.asm
              BLOCK_SIZES   0x000079    program     static /home/gugo/MPLABXProjects/pic-led-controller.X/main.asm
             BLOCK_STARTS   0x000095    program     static /home/gugo/MPLABXProjects/pic-led-controller.X/main.asm
                BLUE_LOOP   0x0001d8    program     static /home/gugo/MPLABXProjects/pic-led-controller.X/main.asm
                     BRC4   0x000242    program     static /home/gugo/MPLABXProjects/pic-led-controller.X/main.asm
                     BRC5   0x000238    program     static /home/gugo/MPLABXProjects/pic-led-controller.X/main.asm
                     BRC6   0x00022e    program     static /home/gugo/MPLABXProjects/pic-led-controller.X/main.asm
              COLORS_BLUE   0x000025    program     static /home/gugo/MPLABXProjects/pic-led-controller.X/main.asm
             COLORS_GREEN   0x000015    program     static /home/gugo/MPLABXProjects/pic-led-controller.X/main.asm
               COLORS_RED   0x000005    program     static /home/gugo/MPLABXProjects/pic-led-controller.X/main.asm
               COLUMN_BIT   0x000154    program     static /home/gugo/MPLABXProjects/pic-led-controller.X/main.asm
              COLUMN_LOOP   0x00014c    program     static /home/gugo/MPLABXProjects/pic-led-controller.X/main.asm
                     DOWN   0x0000ee    program     static /home/gugo/MPLABXProjects/pic-led-controller.X/main.asm
                END_LOGIC   0x000269    program     static /home/gugo/MPLABXProjects/pic-led-controller.X/main.asm
                 GET_BLUE   0x000133    program     static /home/gugo/MPLABXProjects/pic-led-controller.X/main.asm
                GET_GREEN   0x000121    program     static /home/gugo/MPLABXProjects/pic-led-controller.X/main.asm
                GET_PIECE   0x0000c8    program     static /home/gugo/MPLABXProjects/pic-led-controller.X/main.asm
           GET_PIECE_LOOP   0x0000d7    program     static /home/gugo/MPLABXProjects/pic-led-controller.X/main.asm
       GET_PIECE_ROTATION   0x0000c1    program     static /home/gugo/MPLABXProjects/pic-led-controller.X/main.asm
          GET_PIECE_START   0x0000b9    program     static /home/gugo/MPLABXProjects/pic-led-controller.X/main.asm
                  GET_RED   0x00012a    program     static /home/gugo/MPLABXProjects/pic-led-controller.X/main.asm
                 GET_SIZE   0x0000b1    program     static /home/gugo/MPLABXProjects/pic-led-controller.X/main.asm
               GREEN_LOOP   0x00017a    program     static /home/gugo/MPLABXProjects/pic-led-controller.X/main.asm
               INITIALIZE   0x00020a    program     static /home/gugo/MPLABXProjects/pic-led-controller.X/main.asm
                     LEFT   0x0000e9    program     static /home/gugo/MPLABXProjects/pic-led-controller.X/main.asm
               LOGIC_LOOP   0x000217    program     static /home/gugo/MPLABXProjects/pic-led-controller.X/main.asm
            LOOP_BLUE_END   0x0001e1    program     static /home/gugo/MPLABXProjects/pic-led-controller.X/main.asm
          LOOP_BLUE_SHORT   0x0001df    program     static /home/gugo/MPLABXProjects/pic-led-controller.X/main.asm
           LOOP_GREEN_END   0x000183    program     static /home/gugo/MPLABXProjects/pic-led-controller.X/main.asm
         LOOP_GREEN_SHORT   0x000181    program     static /home/gugo/MPLABXProjects/pic-led-controller.X/main.asm
             LOOP_RED_END   0x0001b2    program     static /home/gugo/MPLABXProjects/pic-led-controller.X/main.asm
           LOOP_RED_SHORT   0x0001b0    program     static /home/gugo/MPLABXProjects/pic-led-controller.X/main.asm
              PRINT_PIECE   0x0000f5    program     static /home/gugo/MPLABXProjects/pic-led-controller.X/main.asm
         PRINT_PIECE_LOOP   0x0000f9    program     static /home/gugo/MPLABXProjects/pic-led-controller.X/main.asm
             PRINT_SCREEN   0x00013c    program     static /home/gugo/MPLABXProjects/pic-led-controller.X/main.asm
                   RANDOM   0x000108    program     static /home/gugo/MPLABXProjects/pic-led-controller.X/main.asm
                 RED_LOOP   0x0001a9    program     static /home/gugo/MPLABXProjects/pic-led-controller.X/main.asm
             REVERSE_BYTE   0x000118    program     static /home/gugo/MPLABXProjects/pic-led-controller.X/main.asm
             REVERSE_LOOP   0x00011b    program     static /home/gugo/MPLABXProjects/pic-led-controller.X/main.asm
                    RIGHT   0x0000f0    program     static /home/gugo/MPLABXProjects/pic-led-controller.X/main.asm
                   ROTATE   0x0000de    program     static /home/gugo/MPLABXProjects/pic-led-controller.X/main.asm
           ROTATION_RESET   0x0000e5    program     static /home/gugo/MPLABXProjects/pic-led-controller.X/main.asm
               SEND_RESET   0x000146    program     static /home/gugo/MPLABXProjects/pic-led-controller.X/main.asm
          SEND_RESET_HIGH   0x000141    program     static /home/gugo/MPLABXProjects/pic-led-controller.X/main.asm
                    START   0x0001eb    program     static /home/gugo/MPLABXProjects/pic-led-controller.X/main.asm
            WAIT_START_UP   0x000200    program     static /home/gugo/MPLABXProjects/pic-led-controller.X/main.asm



                              Symbols - Sorted by Address
                     Name    Address   Location    Storage File                     
                ---------  ---------  ---------  --------- ---------                
               COLORS_RED   0x000005    program     static /home/gugo/MPLABXProjects/pic-led-controller.X/main.asm
             COLORS_GREEN   0x000015    program     static /home/gugo/MPLABXProjects/pic-led-controller.X/main.asm
              COLORS_BLUE   0x000025    program     static /home/gugo/MPLABXProjects/pic-led-controller.X/main.asm
          BLOCK_ROTATIONS   0x000035    program     static /home/gugo/MPLABXProjects/pic-led-controller.X/main.asm
              BLOCK_SIZES   0x000079    program     static /home/gugo/MPLABXProjects/pic-led-controller.X/main.asm
             BLOCK_STARTS   0x000095    program     static /home/gugo/MPLABXProjects/pic-led-controller.X/main.asm
                 GET_SIZE   0x0000b1    program     static /home/gugo/MPLABXProjects/pic-led-controller.X/main.asm
          GET_PIECE_START   0x0000b9    program     static /home/gugo/MPLABXProjects/pic-led-controller.X/main.asm
       GET_PIECE_ROTATION   0x0000c1    program     static /home/gugo/MPLABXProjects/pic-led-controller.X/main.asm
                GET_PIECE   0x0000c8    program     static /home/gugo/MPLABXProjects/pic-led-controller.X/main.asm
           GET_PIECE_LOOP   0x0000d7    program     static /home/gugo/MPLABXProjects/pic-led-controller.X/main.asm
                   ROTATE   0x0000de    program     static /home/gugo/MPLABXProjects/pic-led-controller.X/main.asm
           ROTATION_RESET   0x0000e5    program     static /home/gugo/MPLABXProjects/pic-led-controller.X/main.asm
                     LEFT   0x0000e9    program     static /home/gugo/MPLABXProjects/pic-led-controller.X/main.asm
                     DOWN   0x0000ee    program     static /home/gugo/MPLABXProjects/pic-led-controller.X/main.asm
                    RIGHT   0x0000f0    program     static /home/gugo/MPLABXProjects/pic-led-controller.X/main.asm
              PRINT_PIECE   0x0000f5    program     static /home/gugo/MPLABXProjects/pic-led-controller.X/main.asm
         PRINT_PIECE_LOOP   0x0000f9    program     static /home/gugo/MPLABXProjects/pic-led-controller.X/main.asm
                   RANDOM   0x000108    program     static /home/gugo/MPLABXProjects/pic-led-controller.X/main.asm
             REVERSE_BYTE   0x000118    program     static /home/gugo/MPLABXProjects/pic-led-controller.X/main.asm
             REVERSE_LOOP   0x00011b    program     static /home/gugo/MPLABXProjects/pic-led-controller.X/main.asm
                GET_GREEN   0x000121    program     static /home/gugo/MPLABXProjects/pic-led-controller.X/main.asm
                  GET_RED   0x00012a    program     static /home/gugo/MPLABXProjects/pic-led-controller.X/main.asm
                 GET_BLUE   0x000133    program     static /home/gugo/MPLABXProjects/pic-led-controller.X/main.asm
             PRINT_SCREEN   0x00013c    program     static /home/gugo/MPLABXProjects/pic-led-controller.X/main.asm
          SEND_RESET_HIGH   0x000141    program     static /home/gugo/MPLABXProjects/pic-led-controller.X/main.asm
               SEND_RESET   0x000146    program     static /home/gugo/MPLABXProjects/pic-led-controller.X/main.asm
              COLUMN_LOOP   0x00014c    program     static /home/gugo/MPLABXProjects/pic-led-controller.X/main.asm
               COLUMN_BIT   0x000154    program     static /home/gugo/MPLABXProjects/pic-led-controller.X/main.asm
               GREEN_LOOP   0x00017a    program     static /home/gugo/MPLABXProjects/pic-led-controller.X/main.asm
         LOOP_GREEN_SHORT   0x000181    program     static /home/gugo/MPLABXProjects/pic-led-controller.X/main.asm
           LOOP_GREEN_END   0x000183    program     static /home/gugo/MPLABXProjects/pic-led-controller.X/main.asm
                 RED_LOOP   0x0001a9    program     static /home/gugo/MPLABXProjects/pic-led-controller.X/main.asm
           LOOP_RED_SHORT   0x0001b0    program     static /home/gugo/MPLABXProjects/pic-led-controller.X/main.asm
             LOOP_RED_END   0x0001b2    program     static /home/gugo/MPLABXProjects/pic-led-controller.X/main.asm
                BLUE_LOOP   0x0001d8    program     static /home/gugo/MPLABXProjects/pic-led-controller.X/main.asm
          LOOP_BLUE_SHORT   0x0001df    program     static /home/gugo/MPLABXProjects/pic-led-controller.X/main.asm
            LOOP_BLUE_END   0x0001e1    program     static /home/gugo/MPLABXProjects/pic-led-controller.X/main.asm
                    START   0x0001eb    program     static /home/gugo/MPLABXProjects/pic-led-controller.X/main.asm
            WAIT_START_UP   0x000200    program     static /home/gugo/MPLABXProjects/pic-led-controller.X/main.asm
               INITIALIZE   0x00020a    program     static /home/gugo/MPLABXProjects/pic-led-controller.X/main.asm
               LOGIC_LOOP   0x000217    program     static /home/gugo/MPLABXProjects/pic-led-controller.X/main.asm
                     BRC6   0x00022e    program     static /home/gugo/MPLABXProjects/pic-led-controller.X/main.asm
                     BRC5   0x000238    program     static /home/gugo/MPLABXProjects/pic-led-controller.X/main.asm
                     BRC4   0x000242    program     static /home/gugo/MPLABXProjects/pic-led-controller.X/main.asm
                     BEND   0x00024c    program     static /home/gugo/MPLABXProjects/pic-led-controller.X/main.asm
                END_LOGIC   0x000269    program     static /home/gugo/MPLABXProjects/pic-led-controller.X/main.asm


